../Core/Src/main.c:77:5:main	8	static
../Core/Src/main.c:138:6:bootloader_Uart_ReadData	4	static
../Core/Src/main.c:143:6:bootloader_Jump_UserAppl	4	static
../Core/Src/main.c:152:6:SystemClock_Config	88	static
../Core/Src/main.c:200:13:MX_CAN1_Init	8	static
../Core/Src/main.c:237:13:MX_CAN2_Init	8	static
../Core/Src/main.c:274:13:MX_USART2_UART_Init	8	static
../Core/Src/main.c:307:13:MX_USART3_UART_Init	8	static
../Core/Src/main.c:340:13:MX_GPIO_Init	48	static
../Core/Src/main.c:382:6:Error_Handler	4	static,ignoring_inline_asm
